
> vesper-expedition@1.4.0 build
> tsc --noEmit && vite build

vite v8.3.2 building client environment for production...
transforming...
✓ 42 modules transformed.
rendering chunks...
computing gzip size...
dist/index.html                                              0.90 kB │ gzip:   0.51 kB
dist/assets/space-grotesk-latin-700-normal-RjhwGPKo.woff2   12.84 kB
dist/assets/space-grotesk-latin-600-normal-DjKNqYRj.woff2   13.28 kB
dist/assets/space-grotesk-latin-500-normal-lFbtlQH6.woff2   13.31 kB
dist/assets/space-grotesk-latin-400-normal-CJ-V5oYT.woff2   13.38 kB
dist/assets/manrope-latin-500-normal-BYYD-dBL.woff2         14.04 kB
dist/assets/manrope-latin-400-normal-PaqtzbVb.woff2         14.10 kB
dist/assets/manrope-latin-600-normal-4f0koTD-.woff2         14.17 kB
dist/assets/space-grotesk-latin-700-normal-CwsQ-cCU.woff    16.41 kB
dist/assets/space-grotesk-latin-600-normal-BflQw4A9.woff    16.88 kB
dist/assets/space-grotesk-latin-500-normal-CNSSEhBt.woff    16.98 kB
dist/assets/space-grotesk-latin-400-normal-BnQMeOim.woff    17.00 kB
dist/assets/manrope-latin-500-normal-DMZssgOp.woff          18.24 kB
dist/assets/manrope-latin-400-normal-8tf8FM3T.woff          18.29 kB
dist/assets/manrope-latin-600-normal-BqgrALkZ.woff          18.38 kB
dist/assets/index-B7v7hNRU.css                              66.99 kB │ gzip:  13.73 kB
dist/assets/index-BNTl-VuS.js                              852.89 kB │ gzip: 247.33 kB

✓ built in 285ms
[plugin builtin:vite-reporter] 
(!) Some chunks are larger than 500 kB after minification. Consider:
- Using dynamic import() to code-split the application
- Use build.rolldownOptions.output.codeSplitting to improve chunking: https://rolldown.rs/reference/OutputOptions.codeSplitting
- Adjust chunk size limit for this warning via build.chunkSizeWarningLimit.
